some%2Drandom%20url%2F%2F%20with%20%25%25%25%25%25contentRindfleischettikettierungs%C3%BCberwachungsaufgaben%C3%BCbertragungsgesetz
